2.21881247
2.21806955
0.46859190
0.46825695
2.76864076
2.76791906
0.56501639
0.56451356
2.71565461
2.71488905
3.11743832
3.11609936
