0.31558657
0.31486344
2.21881247
2.21806955
0.46859190
0.46825695
4.07114267
4.07016516
2.76864076
2.76791906
0.56501639
0.56451356
2.71565461
2.71488905
1.87033248
1.86898255
1.77039230
1.76994097
2.79638195
2.79453039
3.11743832
3.11609936
