5.41536570
5.41065693
4.29847670
4.29496717
4.33480740
4.33143234
0.43169200
0.43012774
2.70875025
2.70587468
3.08147693
3.07468438
